src/lib/prisma.ts(9,9): error TS2353: Object literal may only specify known properties, and 'datasources' does not exist in type 'Subset<PrismaClientOptions, PrismaClientOptions>'.
src/services/segmentation/SegmentationService.ts(93,27): error TS2532: Object is possibly 'undefined'.
src/services/segmentation/SegmentationService.ts(97,56): error TS2532: Object is possibly 'undefined'.
src/services/segmentation/SegmentationService.ts(126,5): error TS2322: Type 'SegmentMetadata | undefined' is not assignable to type 'SegmentMetadata'.
  Type 'undefined' is not assignable to type 'SegmentMetadata'.
src/services/segmentation/SegmentationService.ts(276,48): error TS18048: 'segment' is possibly 'undefined'.
src/services/segmentation/SegmentationService.ts(277,9): error TS2322: Type 'SegmentMetadata | undefined' is not assignable to type 'SegmentMetadata | null'.
  Type 'undefined' is not assignable to type 'SegmentMetadata | null'.
src/services/segmentation/SegmentationService.ts(289,7): error TS2322: Type 'SegmentMetadata | undefined' is not assignable to type 'SegmentMetadata | null'.
  Type 'undefined' is not assignable to type 'SegmentMetadata | null'.
src/services/segmentation/SegmentationService.ts(292,7): error TS2322: Type 'SegmentMetadata | undefined' is not assignable to type 'SegmentMetadata | null'.
  Type 'undefined' is not assignable to type 'SegmentMetadata | null'.
